Enter the preorder traversal of the BST: Tree:

   3
    \
    18
    / \
   6  19
  / \
 5  14
    / \
   /   \
  11   15
 /
9

Enter k: This is counter: 0 and value is 3
For k = 0, BSTreeGetKth returned 3
Enter k: This is counter: 0 and value is 3
This is counter: 0 and value is 5
This is counter: 0 and value is 6
This is counter: 0 and value is 9
This is counter: 0 and value is 11
This is counter: 0 and value is 14
This is counter: 0 and value is 15
This is counter: 0 and value is 18
This is counter: 0 and value is 19
For k = 1, BSTreeGetKth returned 0
Enter k: This is counter: 0 and value is 3
This is counter: 0 and value is 5
This is counter: 0 and value is 6
This is counter: 0 and value is 9
This is counter: 0 and value is 11
This is counter: 0 and value is 14
This is counter: 0 and value is 15
This is counter: 0 and value is 18
This is counter: 0 and value is 19
For k = 2, BSTreeGetKth returned 0
Enter k: This is counter: 0 and value is 3
This is counter: 0 and value is 5
This is counter: 0 and value is 6
This is counter: 0 and value is 9
This is counter: 0 and value is 11
This is counter: 0 and value is 14
This is counter: 0 and value is 15
This is counter: 0 and value is 18
This is counter: 0 and value is 19
For k = 3, BSTreeGetKth returned 0
Enter k: This is counter: 0 and value is 3
This is counter: 0 and value is 5
This is counter: 0 and value is 6
This is counter: 0 and value is 9
This is counter: 0 and value is 11
This is counter: 0 and value is 14
This is counter: 0 and value is 15
This is counter: 0 and value is 18
This is counter: 0 and value is 19
For k = 4, BSTreeGetKth returned 0
Enter k: This is counter: 0 and value is 3
This is counter: 0 and value is 5
This is counter: 0 and value is 6
This is counter: 0 and value is 9
This is counter: 0 and value is 11
This is counter: 0 and value is 14
This is counter: 0 and value is 15
This is counter: 0 and value is 18
This is counter: 0 and value is 19
For k = 5, BSTreeGetKth returned 0
Enter k: This is counter: 0 and value is 3
This is counter: 0 and value is 5
This is counter: 0 and value is 6
This is counter: 0 and value is 9
This is counter: 0 and value is 11
This is counter: 0 and value is 14
This is counter: 0 and value is 15
This is counter: 0 and value is 18
This is counter: 0 and value is 19
For k = 6, BSTreeGetKth returned 0
Enter k: This is counter: 0 and value is 3
This is counter: 0 and value is 5
This is counter: 0 and value is 6
This is counter: 0 and value is 9
This is counter: 0 and value is 11
This is counter: 0 and value is 14
This is counter: 0 and value is 15
This is counter: 0 and value is 18
This is counter: 0 and value is 19
For k = 7, BSTreeGetKth returned 0
Enter k: This is counter: 0 and value is 3
This is counter: 0 and value is 5
This is counter: 0 and value is 6
This is counter: 0 and value is 9
This is counter: 0 and value is 11
This is counter: 0 and value is 14
This is counter: 0 and value is 15
This is counter: 0 and value is 18
This is counter: 0 and value is 19
For k = 8, BSTreeGetKth returned 0
Enter k: 